[Tue, 27 Sep 2022 14:50:56 -0500] Error 0-guardar_factura_venta.php-343: id_factura=60
[Tue, 27 Sep 2022 14:50:56 -0500] Error 0-guardar_factura_venta.php-360: ERROR:  la sintaxis de entrada no es válida para integer: «»
LINE 1: ...nsert into detalle_factura_venta values('73','60','','1.00',...
                                                             ^
[Tue, 27 Sep 2022 14:58:55 -0500] Error 0-guardar_factura_venta.php-343: id_factura=60
[Tue, 27 Sep 2022 14:58:55 -0500] Error 0-guardar_factura_venta.php-360: ERROR:  la sintaxis de entrada no es válida para integer: «»
LINE 1: ...nsert into detalle_factura_venta values('73','60','','1.00',...
                                                             ^
[Tue, 27 Sep 2022 14:58:55 -0500] Error 0-guardar_factura_venta.php-360: 
[Tue, 27 Sep 2022 15:00:33 -0500] Error 0-guardar_factura_venta.php-343: id_factura=60
[Tue, 27 Sep 2022 15:00:33 -0500] Error 0-guardar_factura_venta.php-360: ERROR:  la sintaxis de entrada no es válida para integer: «»
LINE 1: ...nsert into detalle_factura_venta values('73','60','','1.00',...
                                                             ^
[Tue, 27 Sep 2022 15:00:33 -0500] Error 0-guardar_factura_venta.php-360: 
[Tue, 27 Sep 2022 15:01:15 -0500] Error 0-guardar_factura_venta.php-343: id_factura=60
[Tue, 27 Sep 2022 15:01:15 -0500] Error 0-guardar_factura_venta.php-360: ERROR:  la sintaxis de entrada no es válida para integer: «»
LINE 1: ...nsert into detalle_factura_venta values('73','60','','1.00',...
                                                             ^
[Tue, 27 Sep 2022 15:01:15 -0500] Error 0-guardar_factura_venta.php-360: 
[Tue, 27 Sep 2022 15:03:12 -0500] Error 0-guardar_factura_venta.php-343: id_factura=60
[Tue, 27 Sep 2022 15:03:12 -0500] Error 0-guardar_factura_venta.php-360: ERROR:  la sintaxis de entrada no es válida para integer: «»
LINE 1: ...nsert into detalle_factura_venta values('73','60','','1.00',...
                                                             ^
[Tue, 27 Sep 2022 15:03:12 -0500] Error 0-guardar_factura_venta.php-360: 
[Tue, 27 Sep 2022 15:29:04 -0500] Error 0-guardar_factura_venta.php-343: id_factura=60
[Tue, 27 Sep 2022 15:29:04 -0500] Error 0-guardar_factura_venta.php-360: ERROR:  la sintaxis de entrada no es válida para integer: «»
LINE 1: ...nsert into detalle_factura_venta values('73','60','','4.00',...
                                                             ^
[Tue, 27 Sep 2022 15:29:04 -0500] Error 0-guardar_factura_venta.php-360: 
[Mon, 03 Oct 2022 16:53:32 -0500] Error 0-facturas_novalidas.php-343: id_factura=75
[Mon, 03 Oct 2022 16:53:32 -0500] Error 0-facturas_novalidas.php-360: ERROR:  INSERT tiene más expresiones que columnas de destino
LINE 1: ...,'75','3','8.00','0.5611','10','4.0388','Activo','5.04','B')
                                                                   ^
[Mon, 03 Oct 2022 16:53:32 -0500] Error 0-facturas_novalidas.php-360: 
[Mon, 03 Oct 2022 16:53:32 -0500] Error 0-facturas_novalidas.php-360: 
[Mon, 03 Oct 2022 16:53:32 -0500] Error 0-facturas_novalidas.php-343: id_factura=75
[Mon, 03 Oct 2022 16:53:32 -0500] Error 0-facturas_novalidas.php-360: ERROR:  INSERT tiene más expresiones que columnas de destino
LINE 1: ...2.00','0.3162','5','0.6023999999999999','Activo','0.70','B')
                                                                   ^
[Mon, 03 Oct 2022 16:53:32 -0500] Error 0-facturas_novalidas.php-360: 
[Mon, 03 Oct 2022 16:53:32 -0500] Error 0-facturas_novalidas.php-360: 
[Mon, 03 Oct 2022 16:54:03 -0500] Error 0-facturas_novalidas.php-343: id_factura=75
[Mon, 03 Oct 2022 16:54:03 -0500] Error 0-facturas_novalidas.php-360: ERROR:  INSERT tiene más expresiones que columnas de destino
LINE 1: ...,'75','3','5.00','0.5611','10','2.5255','Activo','3.15','B')
                                                                   ^
[Mon, 03 Oct 2022 16:54:03 -0500] Error 0-facturas_novalidas.php-360: 
[Mon, 03 Oct 2022 16:54:03 -0500] Error 0-facturas_novalidas.php-360: 
[Mon, 03 Oct 2022 16:54:34 -0500] Error 0-facturas_novalidas.php-343: id_factura=75
[Mon, 03 Oct 2022 16:54:34 -0500] Error 0-facturas_novalidas.php-360: ERROR:  INSERT tiene más expresiones que columnas de destino
LINE 1: ...,'75','3','5.00','0.5611','10','2.5255','Activo','3.15','B')
                                                                   ^
[Mon, 03 Oct 2022 16:54:34 -0500] Error 0-facturas_novalidas.php-360: 
[Mon, 03 Oct 2022 16:54:34 -0500] Error 0-facturas_novalidas.php-360: 
[Mon, 03 Oct 2022 16:55:01 -0500] Error 0-facturas_novalidas.php-343: id_factura=75
[Mon, 03 Oct 2022 16:55:01 -0500] Error 0-facturas_novalidas.php-360: ERROR:  INSERT tiene más expresiones que columnas de destino
LINE 1: ...,'75','3','5.00','0.5611','10','2.5255','Activo','3.15','B')
                                                                   ^
[Mon, 03 Oct 2022 16:55:01 -0500] Error 0-facturas_novalidas.php-360: 
[Mon, 03 Oct 2022 16:55:01 -0500] Error 0-facturas_novalidas.php-360: 
[Mon, 03 Oct 2022 16:55:54 -0500] Error 0-facturas_novalidas.php-343: id_factura=75
[Mon, 03 Oct 2022 16:55:54 -0500] Error 0-facturas_novalidas.php-360: ERROR:  INSERT tiene más expresiones que columnas de destino
LINE 1: ...,'75','3','5.00','0.5611','10','2.5255','Activo','3.15','B')
                                                                   ^
[Mon, 03 Oct 2022 16:55:54 -0500] Error 0-facturas_novalidas.php-360: 
[Mon, 03 Oct 2022 16:55:54 -0500] Error 0-facturas_novalidas.php-360: 
<<<<<<< HEAD
[Wed, 08 Mar 2023 09:41:21 -0500] Error 0-modificar_anticipo.php-1: id_detalle_transaccion= 12498
[Wed, 08 Mar 2023 09:41:21 -0500] Error 0-modificar_anticipo.php-3: 
[Wed, 08 Mar 2023 09:46:12 -0500] Error 0-modificar_anticipo.php-1: id_detalle_transaccion= 12500
[Wed, 08 Mar 2023 09:46:12 -0500] Error 0-modificar_anticipo.php-3: ERROR:  la sintaxis de entrada no es válida para integer: «»
LINE 1: insert into detalle_transaccion values('','26418','40','3','...
                                               ^
[Wed, 08 Mar 2023 09:50:15 -0500] Error 0-modificar_anticipo.php-1: id_detalle_transaccion= 12502
[Wed, 08 Mar 2023 09:50:15 -0500] Error 0-modificar_anticipo.php-3: ERROR:  la sintaxis de entrada no es válida para integer: «»
LINE 1: insert into detalle_transaccion values('','26419','40','3','...
                                               ^
[Wed, 08 Mar 2023 10:01:35 -0500] Error 0-modificar_anticipo.php-1: id_detalle_transaccion= 12510
[Wed, 08 Mar 2023 10:01:35 -0500] Error 0-modificar_anticipo.php-3: ERROR:  la sintaxis de entrada no es válida para integer: «»
LINE 1: insert into detalle_transaccion values('','26423','40','5','...
                                               ^
[Wed, 08 Mar 2023 10:03:58 -0500] Error 0-modificar_anticipo.php-1: id_detalle_transaccion= 12512
[Wed, 08 Mar 2023 10:03:58 -0500] Error 0-modificar_anticipo.php-2: ERROR:  la sintaxis de entrada no es válida para integer: «»
LINE 1: insert into detalle_transaccion values('','26424','40','5','...
                                               ^
[Wed, 08 Mar 2023 10:12:09 -0500] Error 0-modificar_anticipo.php-3: id_detalle_transaccion= 12515
[Wed, 08 Mar 2023 10:12:09 -0500] Error 0-modificar_anticipo.php-4: ERROR:  la sintaxis de entrada no es válida para integer: «»
LINE 1: insert into detalle_transaccion values('','26425','5','0.000...
                                               ^
[Wed, 08 Mar 2023 10:12:54 -0500] Error 0-modificar_anticipo.php-3: id_detalle_transaccion= 12516
[Wed, 08 Mar 2023 10:12:54 -0500] Error 0-modificar_anticipo.php-4: ERROR:  la sintaxis de entrada no es válida para integer: «»
LINE 1: insert into detalle_transaccion values('','26426','5','0.000...
                                               ^
[Wed, 08 Mar 2023 10:13:57 -0500] Error 0-modificar_anticipo.php-3: id_detalle_transaccion= 12517
[Wed, 08 Mar 2023 10:13:57 -0500] Error 0-modificar_anticipo.php-4: ERROR:  la sintaxis de entrada no es válida para integer: «»
LINE 1: insert into detalle_transaccion values('','26427','5','0.000...
                                               ^
[Wed, 08 Mar 2023 10:14:32 -0500] Error 0-modificar_anticipo.php-3: id_detalle_transaccion= 12518
[Wed, 08 Mar 2023 10:14:32 -0500] Error 0-modificar_anticipo.php-4: ERROR:  la sintaxis de entrada no es válida para integer: «»
LINE 1: insert into detalle_transaccion values('','26428','5','0.000...
                                               ^
[Wed, 08 Mar 2023 10:23:08 -0500] Error 0-modificar_anticipo.php-3: id_detalle_transaccion= 12519
[Wed, 08 Mar 2023 10:23:08 -0500] Error 0-modificar_anticipo.php-4: ERROR:  la sintaxis de entrada no es válida para integer: «»
LINE 1: insert into detalle_transaccion values('','26429','5','0.000...
                                               ^
[Wed, 08 Mar 2023 13:21:48 -0500] Error 0-modificar_anticipo.php-11: id_detalle_transaccion= 12693
[Wed, 08 Mar 2023 13:21:48 -0500] Error 0-modificar_anticipo.php-12: ERROR:  la sintaxis de entrada no es válida para integer: «»
LINE 1: insert into detalle_transaccion values('','26510','14','0.00...
                                               ^
[Thu, 09 Mar 2023 15:01:03 -0500] Error 0-modificar_anticipo.php-1: id_detalle_transaccion= 12748
[Thu, 09 Mar 2023 15:01:03 -0500] Error 0-modificar_anticipo.php-2: 
[Thu, 09 Mar 2023 15:02:24 -0500] Error 0-modificar_anticipo.php-1: id_detalle_transaccion= 12757
[Thu, 09 Mar 2023 15:02:24 -0500] Error 0-modificar_anticipo.php-2: 
[Thu, 09 Mar 2023 15:12:35 -0500] Error 0-modificar_anticipo.php-37: id_detalle_transaccion= 12776
[Thu, 09 Mar 2023 15:12:35 -0500] Error 0-modificar_anticipo.php-38: 
[Thu, 09 Mar 2023 15:25:13 -0500] Error 0-guardar_rol_pagos.php-37: id_detalle_transaccion= 12791
[Thu, 09 Mar 2023 15:25:13 -0500] Error 0-guardar_rol_pagos.php-38: ERROR:  la sintaxis de entrada no es válida para integer: «»
LINE 1: insert into detalle_transaccion values('','26549','351','450...
                                               ^
=======
[Wed, 08 Mar 2023 08:35:11 -0500] Error 0-guardar_factura_venta.php-343: id_factura_venta=1161
[Wed, 08 Mar 2023 08:35:11 -0500] Error 0-guardar_factura_venta.php-360: ERROR:  la sintaxis de entrada no es válida para el tipo numeric: «»
LINE 1: ..._venta values('146','530','1161','1','2023-03-08','','1','Fa...
                                                             ^
[Wed, 08 Mar 2023 08:35:11 -0500] Error 0-guardar_factura_venta.php-360: 
[Wed, 08 Mar 2023 08:49:51 -0500] Error 0-guardar_factura_venta.php-343: id_factura_venta=1162
[Wed, 08 Mar 2023 08:49:51 -0500] Error 0-guardar_factura_venta.php-360: ERROR:  la sintaxis de entrada no es válida para el tipo numeric: «»
LINE 1: ..._venta values('146','530','1162','1','2023-03-08','','1','Fa...
                                                             ^
[Wed, 08 Mar 2023 08:49:51 -0500] Error 0-guardar_factura_venta.php-360: 
[Wed, 08 Mar 2023 11:37:05 -0500] Error 0-guardar_factura_venta.php-343: id_factura_venta=1163
[Wed, 08 Mar 2023 11:37:05 -0500] Error 0-guardar_factura_venta.php-360: ERROR:  la sintaxis de entrada no es válida para el tipo numeric: «»
LINE 1: ..._venta values('146','802','1163','1','2023-03-08','','1','Fa...
                                                             ^
[Wed, 08 Mar 2023 11:37:05 -0500] Error 0-guardar_factura_venta.php-360: 
>>>>>>> discampo_nc
[Mon, 13 Mar 2023 14:28:30 -0500] Error 0-guardar_factura_venta.php-343: id_factura_venta=2527
[Mon, 13 Mar 2023 14:28:30 -0500] Error 0-guardar_factura_venta.php-360: ERROR:  la sintaxis de entrada no es válida para el tipo numeric: «»
LINE 1: ..._venta values('305','248','2527','1','2023-03-13','','1','Fa...
                                                             ^
[Mon, 13 Mar 2023 14:28:30 -0500] Error 0-guardar_factura_venta.php-360: 
[Mon, 13 Mar 2023 14:43:48 -0500] Error 0-guardar_factura_venta.php-343: id_factura_venta=2527
[Mon, 13 Mar 2023 14:43:48 -0500] Error 0-guardar_factura_venta.php-360: ERROR:  la sintaxis de entrada no es válida para el tipo numeric: «»
LINE 1: ..._venta values('305','248','2527','1','2023-03-13','','1','Fa...
                                                             ^
[Mon, 13 Mar 2023 14:43:48 -0500] Error 0-guardar_factura_venta.php-360: 
[Mon, 13 Mar 2023 15:22:34 -0500] Error 0-guardar_factura_venta.php-343: id_factura_venta=2527
[Mon, 13 Mar 2023 15:22:34 -0500] Error 0-guardar_factura_venta.php-360: ERROR:  la sintaxis de entrada no es válida para el tipo numeric: «»
LINE 1: ..._venta values('305','241','2527','1','2023-03-13','','1','Fa...
                                                             ^
[Mon, 13 Mar 2023 15:22:34 -0500] Error 0-guardar_factura_venta.php-360: 
[Mon, 13 Mar 2023 15:27:43 -0500] Error 0-guardar_factura_venta.php-343: id_factura_venta=2528
[Mon, 13 Mar 2023 15:27:43 -0500] Error 0-guardar_factura_venta.php-360: ERROR:  la sintaxis de entrada no es válida para el tipo numeric: «»
LINE 1: ..._venta values('305','241','2528','1','2023-03-13','','1','Fa...
                                                             ^
[Mon, 13 Mar 2023 15:27:43 -0500] Error 0-guardar_factura_venta.php-360: 
[Mon, 13 Mar 2023 15:35:03 -0500] Error 0-guardar_factura_venta.php-343: id_factura_venta=2527
[Mon, 13 Mar 2023 15:35:03 -0500] Error 0-guardar_factura_venta.php-360: ERROR:  la sintaxis de entrada no es válida para el tipo numeric: «»
LINE 1: ..._venta values('305','241','2527','1','2023-03-13','','1','Fa...
                                                             ^
[Mon, 13 Mar 2023 15:35:03 -0500] Error 0-guardar_factura_venta.php-360: 
[Mon, 13 Mar 2023 15:37:00 -0500] Error 0-guardar_factura_venta.php-343: id_factura_venta=2528
[Mon, 13 Mar 2023 15:37:00 -0500] Error 0-guardar_factura_venta.php-360: ERROR:  la sintaxis de entrada no es válida para el tipo numeric: «»
LINE 1: ..._venta values('305','241','2528','1','2023-03-13','','1','Fa...
                                                             ^
[Mon, 13 Mar 2023 15:37:00 -0500] Error 0-guardar_factura_venta.php-360: 
